
Processing /afs/cern.ch/user/r/rganesan/private/CMSSW_15_1_0_pre4/src/L1Trigger/TrackFindingTracklet/test/L1TrackNtuplePlot.C("truncatedDR_10000events_merged","/eos/user/r/rganesan/DisplacedSUSY_stopToBottom_M-800_50mm_TuneCP5_14TeV-pythia8/modulewiseTruncation_10kevents_dispSUSY/")...

Number of events = 10000
All performance results include cuts pt > 2.00 & |eta| < 2.50 unless 'no pt or eta cuts' stated.
Only TP with stubs in at least 4 tracker layers considered

efficiency for |eta| < 1.0 = 89.76 +- 0.12
efficiency for 1.0 < |eta| < 1.75 = 91.08 +- 0.15
efficiency for 1.75 < |eta| < 2.50 = 87.33 +- 0.22
combined efficiency for |eta| < 2.50 = 89.69 +- 0.09 = 110108.00/122765.00

efficiency for pt > 2.00 = 89.69 +- 0.09
efficiency for 2.00 < pt < 8.0 = 90.86 +- 0.09
efficiency for pt > 8.0 = 86.09 +- 0.20
efficiency for pt > 40.0 = 79.38 +- 0.63

# TP/event (pt > 2.00) = 147.77
# TP/event (pt > 3.0) = 45.29
# TP/event (pt > 10.0) = 2.77
# tracks/event (no pt or eta cuts) = 208.90
# tracks/event (pt > 2.00) = 196.54
# tracks/event (pt > 3.0) = 76.43
# tracks/event (pt > 10.0) = 12.82

Percentage fake tracks (no pt or eta cuts) = 17.22% 1729341 2088962
Percentage duplicate tracks (no pt or eta cuts) = 4.57% 95408 2088962
z0 resolution = 0.10cm at |eta| = 0.05
z0 resolution = 0.39cm at |eta| = 1.95
