
Processing /afs/cern.ch/user/r/rganesan/private/CMSSW_15_1_0_pre4/src/L1Trigger/TrackFindingTracklet/plotMaker/L1TrackNtuplePlot.C("truncatedTPD_24884events_merged","/eos/user/r/rganesan/HTo2LongLivedTo4mu_MH-125_MFF-12_CTau-900mm_TuneCP5_14TeV-pythia8/modulewiseTruncation_50kevents/")...

Number of events = 24884
All performance results include cuts pt > 2.00 & |eta| < 2.50 unless 'no pt or eta cuts' stated.
Only TP with stubs in at least 4 tracker layers considered

efficiency for |eta| < 1.0 = 95.15 +- 0.08
efficiency for 1.0 < |eta| < 1.75 = 93.91 +- 0.11
efficiency for 1.75 < |eta| < 2.50 = 95.29 +- 0.11
combined efficiency for |eta| < 2.50 = 94.81 +- 0.06 = 151232.00/159514.00

efficiency for pt > 2.00 = 94.81 +- 0.06
efficiency for 2.00 < pt < 8.0 = 94.85 +- 0.06
efficiency for pt > 8.0 = 94.53 +- 0.17
efficiency for pt > 40.0 = 91.56 +- 0.75

# TP/event (pt > 2.00) = 146.65
# TP/event (pt > 3.0) = 41.46
# TP/event (pt > 10.0) = 0.98
# tracks/event (no pt or eta cuts) = 190.22
# tracks/event (pt > 2.00) = 177.55
# tracks/event (pt > 3.0) = 56.69
# tracks/event (pt > 10.0) = 3.70

Percentage fake tracks (no pt or eta cuts) = 9.14% 4300652 4733463
Percentage duplicate tracks (no pt or eta cuts) = 7.35% 347951 4733463
z0 resolution = 0.10cm at |eta| = 0.05
z0 resolution = 0.41cm at |eta| = 1.95
