
Processing /afs/cern.ch/user/r/rganesan/private/CMSSW_15_1_0_pre4/src/L1Trigger/TrackFindingTracklet/test/L1TrackNtuplePlot.C("truncatedGLOBAL_5000events_merged","/eos/user/r/rganesan/DisplacedSUSY_stopToBottom_M-800_50mm_TuneCP5_14TeV-pythia8/crab_truncatedGLOBAL_dispSUSY_1510pre_5000events/")...

Number of events = 5000
All performance results include cuts pt > 2.00 & |eta| < 2.50 unless 'no pt or eta cuts' stated.
Only TP with stubs in at least 4 tracker layers considered

efficiency for |eta| < 1.0 = 94.99 +- 0.12
efficiency for 1.0 < |eta| < 1.75 = 94.15 +- 0.17
efficiency for 1.75 < |eta| < 2.50 = 96.10 +- 0.18
combined efficiency for |eta| < 2.50 = 94.94 +- 0.09 = 58902.00/62039.00

efficiency for pt > 2.00 = 94.94 +- 0.09
efficiency for 2.00 < pt < 8.0 = 95.47 +- 0.10
efficiency for pt > 8.0 = 93.31 +- 0.20
efficiency for pt > 40.0 = 88.08 +- 0.71

# TP/event (pt > 2.00) = 148.20
# TP/event (pt > 3.0) = 45.45
# TP/event (pt > 10.0) = 2.79
# tracks/event (no pt or eta cuts) = 326.88
# tracks/event (pt > 2.00) = 312.27
# tracks/event (pt > 3.0) = 162.16
# tracks/event (pt > 10.0) = 44.06

Percentage fake tracks (no pt or eta cuts) = 41.82% 950912 1634424
Percentage duplicate tracks (no pt or eta cuts) = 4.50% 73606 1634424
z0 resolution = 0.10cm at |eta| = 0.05
z0 resolution = 0.37cm at |eta| = 1.95
