
Processing /afs/cern.ch/user/r/rganesan/private/CMSSW_15_1_0_pre4/src/L1Trigger/TrackFindingTracklet/test/L1TrackNtuplePlot.C("truncatedTPD_10000events_merged","/eos/user/r/rganesan/HTo2LongLivedTo4mu_MH-125_MFF-25_CTau-1500mm_TuneCP5_14TeV-pythia8/modulewiseTruncation_10kevents/")...

Number of events = 9917
All performance results include cuts pt > 2.00 & |eta| < 2.50 unless 'no pt or eta cuts' stated.
Only TP with stubs in at least 4 tracker layers considered

efficiency for |eta| < 1.0 = 95.81 +- 0.12
efficiency for 1.0 < |eta| < 1.75 = 95.00 +- 0.16
efficiency for 1.75 < |eta| < 2.50 = 96.62 +- 0.15
combined efficiency for |eta| < 2.50 = 95.74 +- 0.08 = 58432.00/61029.00

efficiency for pt > 2.00 = 95.74 +- 0.08
efficiency for 2.00 < pt < 8.0 = 95.66 +- 0.09
efficiency for pt > 8.0 = 96.40 +- 0.23
efficiency for pt > 40.0 = 93.99 +- 1.30

# TP/event (pt > 2.00) = 141.79
# TP/event (pt > 3.0) = 40.40
# TP/event (pt > 10.0) = 0.88
# tracks/event (no pt or eta cuts) = 190.95
# tracks/event (pt > 2.00) = 178.23
# tracks/event (pt > 3.0) = 57.01
# tracks/event (pt > 10.0) = 3.71

Percentage fake tracks (no pt or eta cuts) = 9.15% 1720375 1893640
Percentage duplicate tracks (no pt or eta cuts) = 7.36% 139357 1893640
z0 resolution = 0.11cm at |eta| = 0.05
z0 resolution = 0.42cm at |eta| = 1.95
