
Processing /afs/cern.ch/user/r/rganesan/private/CMSSW_15_1_0_pre4/src/L1Trigger/TrackFindingTracklet/test/L1TrackNtuplePlot.C("truncatedTPD_5000events_merged","/eos/user/r/rganesan/DisplacedSUSY_stopToBottom_M-800_50mm_TuneCP5_14TeV-pythia8/crab_truncatedTPD_dispSUSY_1510pre_5000events/")...

Number of events = 5000
All performance results include cuts pt > 2.00 & |eta| < 2.50 unless 'no pt or eta cuts' stated.
Only TP with stubs in at least 4 tracker layers considered

efficiency for |eta| < 1.0 = 92.09 +- 0.15
efficiency for 1.0 < |eta| < 1.75 = 92.98 +- 0.19
efficiency for 1.75 < |eta| < 2.50 = 96.09 +- 0.18
combined efficiency for |eta| < 2.50 = 93.13 +- 0.10 = 57775.00/62039.00

efficiency for pt > 2.00 = 93.13 +- 0.10
efficiency for 2.00 < pt < 8.0 = 94.01 +- 0.11
efficiency for pt > 8.0 = 90.41 +- 0.24
efficiency for pt > 40.0 = 84.39 +- 0.79

# TP/event (pt > 2.00) = 148.20
# TP/event (pt > 3.0) = 45.45
# TP/event (pt > 10.0) = 2.79
# tracks/event (no pt or eta cuts) = 213.05
# tracks/event (pt > 2.00) = 200.10
# tracks/event (pt > 3.0) = 76.69
# tracks/event (pt > 10.0) = 12.43

Percentage fake tracks (no pt or eta cuts) = 15.58% 899226 1065231
Percentage duplicate tracks (no pt or eta cuts) = 5.27% 56161 1065231
z0 resolution = 0.10cm at |eta| = 0.05
z0 resolution = 0.37cm at |eta| = 1.95
