
Processing /afs/cern.ch/user/r/rganesan/private/CMSSW_15_1_0_pre4/src/L1Trigger/TrackFindingTracklet/test/L1TrackNtuplePlot.C("truncatedMP_10000events_merged","/eos/user/r/rganesan/HTo2LongLivedTo4mu_MH-125_MFF-25_CTau-1500mm_TuneCP5_14TeV-pythia8/modulewiseTruncation_10kevents/")...

Number of events = 9917
All performance results include cuts pt > 2.00 & |eta| < 2.50 unless 'no pt or eta cuts' stated.
Only TP with stubs in at least 4 tracker layers considered

efficiency for |eta| < 1.0 = 95.61 +- 0.12
efficiency for 1.0 < |eta| < 1.75 = 94.58 +- 0.16
efficiency for 1.75 < |eta| < 2.50 = 96.14 +- 0.16
combined efficiency for |eta| < 2.50 = 95.41 +- 0.08 = 58230.00/61029.00

efficiency for pt > 2.00 = 95.41 +- 0.08
efficiency for 2.00 < pt < 8.0 = 95.57 +- 0.09
efficiency for pt > 8.0 = 94.13 +- 0.29
efficiency for pt > 40.0 = 88.59 +- 1.74

# TP/event (pt > 2.00) = 141.79
# TP/event (pt > 3.0) = 40.40
# TP/event (pt > 10.0) = 0.88
# tracks/event (no pt or eta cuts) = 199.95
# tracks/event (pt > 2.00) = 187.01
# tracks/event (pt > 3.0) = 62.47
# tracks/event (pt > 10.0) = 5.25

Percentage fake tracks (no pt or eta cuts) = 12.98% 1725503 1982884
Percentage duplicate tracks (no pt or eta cuts) = 6.97% 138234 1982884
z0 resolution = 0.11cm at |eta| = 0.05
z0 resolution = 0.42cm at |eta| = 1.95
