
Processing /afs/cern.ch/user/r/rganesan/private/CMSSW_15_1_0_pre4/src/L1Trigger/TrackFindingTracklet/plotMaker/L1TrackNtuplePlot.C("truncatedTP_10000events_merged","/eos/user/r/rganesan/HTo2LongLivedTo4mu_MH-125_MFF-12_CTau-900mm_TuneCP5_14TeV-pythia8/modulewiseTruncation_10kevents/")...

Number of events = 10166
All performance results include cuts pt > 2.00 & |eta| < 2.50 unless 'no pt or eta cuts' stated.
Only TP with stubs in at least 4 tracker layers considered

efficiency for |eta| < 1.0 = 96.15 +- 0.11
efficiency for 1.0 < |eta| < 1.75 = 94.49 +- 0.16
efficiency for 1.75 < |eta| < 2.50 = 95.22 +- 0.17
combined efficiency for |eta| < 2.50 = 95.42 +- 0.08 = 62250.00/65241.00

efficiency for pt > 2.00 = 95.42 +- 0.08
efficiency for 2.00 < pt < 8.0 = 95.40 +- 0.09
efficiency for pt > 8.0 = 95.56 +- 0.23
efficiency for pt > 40.0 = 90.21 +- 1.25

# TP/event (pt > 2.00) = 146.51
# TP/event (pt > 3.0) = 41.45
# TP/event (pt > 10.0) = 0.99
# tracks/event (no pt or eta cuts) = 219.54
# tracks/event (pt > 2.00) = 205.96
# tracks/event (pt > 3.0) = 73.58
# tracks/event (pt > 10.0) = 8.23

Percentage fake tracks (no pt or eta cuts) = 18.59% 1817034 2231876
Percentage duplicate tracks (no pt or eta cuts) = 8.26% 184253 2231876
z0 resolution = 0.10cm at |eta| = 0.05
z0 resolution = 0.41cm at |eta| = 1.95
