
Processing /afs/cern.ch/user/r/rganesan/private/CMSSW_15_1_0_pre4/src/L1Trigger/TrackFindingTracklet/test/L1TrackNtuplePlot.C("truncatedMP_10000events_merged","/eos/user/r/rganesan/DisplacedSUSY_stopToBottom_M-800_50mm_TuneCP5_14TeV-pythia8/modulewiseTruncation_10kevents_dispSUSY/")...

Number of events = 10000
All performance results include cuts pt > 2.00 & |eta| < 2.50 unless 'no pt or eta cuts' stated.
Only TP with stubs in at least 4 tracker layers considered

efficiency for |eta| < 1.0 = 87.77 +- 0.13
efficiency for 1.0 < |eta| < 1.75 = 88.88 +- 0.16
efficiency for 1.75 < |eta| < 2.50 = 93.62 +- 0.16
combined efficiency for |eta| < 2.50 = 89.24 +- 0.09 = 109557.00/122765.00

efficiency for pt > 2.00 = 89.24 +- 0.09
efficiency for 2.00 < pt < 8.0 = 91.94 +- 0.09
efficiency for pt > 8.0 = 80.95 +- 0.23
efficiency for pt > 40.0 = 73.26 +- 0.68

# TP/event (pt > 2.00) = 147.77
# TP/event (pt > 3.0) = 45.29
# TP/event (pt > 10.0) = 2.77
# tracks/event (no pt or eta cuts) = 222.87
# tracks/event (pt > 2.00) = 209.46
# tracks/event (pt > 3.0) = 78.79
# tracks/event (pt > 10.0) = 11.09

Percentage fake tracks (no pt or eta cuts) = 17.06% 1848568 2228719
Percentage duplicate tracks (no pt or eta cuts) = 7.48% 166740 2228719
z0 resolution = 0.11cm at |eta| = 0.05
z0 resolution = 0.39cm at |eta| = 1.95
