
Processing /afs/cern.ch/user/r/rganesan/private/CMSSW_15_1_0_pre4/src/L1Trigger/TrackFindingTracklet/plotMaker/L1TrackNtuplePlot.C("truncatedNONE_41030events_merged","/eos/user/r/rganesan/HTo2LongLivedTo4mu_MH-125_MFF-12_CTau-900mm_TuneCP5_14TeV-pythia8/modulewiseTruncation_50kevents/")...

Number of events = 41030
All performance results include cuts pt > 2.00 & |eta| < 2.50 unless 'no pt or eta cuts' stated.
Only TP with stubs in at least 4 tracker layers considered

efficiency for |eta| < 1.0 = 95.99 +- 0.06
efficiency for 1.0 < |eta| < 1.75 = 94.64 +- 0.08
efficiency for 1.75 < |eta| < 2.50 = 95.49 +- 0.08
combined efficiency for |eta| < 2.50 = 95.46 +- 0.04 = 251828.00/263811.00

efficiency for pt > 2.00 = 95.46 +- 0.04
efficiency for 2.00 < pt < 8.0 = 95.44 +- 0.04
efficiency for pt > 8.0 = 95.57 +- 0.12
efficiency for pt > 40.0 = 93.47 +- 0.52

# TP/event (pt > 2.00) = 146.74
# TP/event (pt > 3.0) = 41.43
# TP/event (pt > 10.0) = 0.97
# tracks/event (no pt or eta cuts) = 220.30
# tracks/event (pt > 2.00) = 206.64
# tracks/event (pt > 3.0) = 73.83
# tracks/event (pt > 10.0) = 8.30

Percentage fake tracks (no pt or eta cuts) = 18.67% 7351899 9039039
Percentage duplicate tracks (no pt or eta cuts) = 8.26% 746834 9039039
z0 resolution = 0.10cm at |eta| = 0.05
z0 resolution = 0.41cm at |eta| = 1.95
