
Processing /afs/cern.ch/user/r/rganesan/private/CMSSW_15_1_0_pre4/src/L1Trigger/TrackFindingTracklet/plotMaker/L1TrackNtuplePlot.C("truncatedALL_10000events_merged","/eos/user/r/rganesan/HTo2LongLivedTo4mu_MH-125_MFF-12_CTau-900mm_TuneCP5_14TeV-pythia8/modulewiseTruncation_10kevents/")...

Number of events = 299
All performance results include cuts pt > 2.00 & |eta| < 2.50 unless 'no pt or eta cuts' stated.
Only TP with stubs in at least 4 tracker layers considered

efficiency for |eta| < 1.0 = 93.03 +- 0.83
efficiency for 1.0 < |eta| < 1.75 = 93.45 +- 1.03
efficiency for 1.75 < |eta| < 2.50 = 97.96 +- 0.64
combined efficiency for |eta| < 2.50 = 94.36 +- 0.52 = 1890.00/2003.00

efficiency for pt > 2.00 = 94.36 +- 0.52
efficiency for 2.00 < pt < 8.0 = 94.76 +- 0.53
efficiency for pt > 8.0 = 90.95 +- 1.98
efficiency for pt > 40.0 = 76.92 +- 11.69

# TP/event (pt > 2.00) = 149.16
# TP/event (pt > 3.0) = 42.25
# TP/event (pt > 10.0) = 0.92
# tracks/event (no pt or eta cuts) = 186.45
# tracks/event (pt > 2.00) = 174.06
# tracks/event (pt > 3.0) = 54.78
# tracks/event (pt > 10.0) = 2.97

Percentage fake tracks (no pt or eta cuts) = 7.90% 51348 55750
Percentage duplicate tracks (no pt or eta cuts) = 6.42% 3578 55750
z0 resolution = 0.10cm at |eta| = 0.05
z0 resolution = 0.39cm at |eta| = 1.95
