
Processing /afs/cern.ch/user/r/rganesan/private/CMSSW_15_1_0_pre4/src/L1Trigger/TrackFindingTracklet/plotMaker/L1TrackNtuplePlot.C("truncatedMP_22784events_merged","/eos/user/r/rganesan/HTo2LongLivedTo4mu_MH-125_MFF-12_CTau-900mm_TuneCP5_14TeV-pythia8/modulewiseTruncation_50kevents/")...

Number of events = 22784
All performance results include cuts pt > 2.00 & |eta| < 2.50 unless 'no pt or eta cuts' stated.
Only TP with stubs in at least 4 tracker layers considered

efficiency for |eta| < 1.0 = 95.03 +- 0.08
efficiency for 1.0 < |eta| < 1.75 = 93.59 +- 0.12
efficiency for 1.75 < |eta| < 2.50 = 95.05 +- 0.12
combined efficiency for |eta| < 2.50 = 94.59 +- 0.06 = 138355.00/146266.00

efficiency for pt > 2.00 = 94.59 +- 0.06
efficiency for 2.00 < pt < 8.0 = 94.87 +- 0.06
efficiency for pt > 8.0 = 92.46 +- 0.20
efficiency for pt > 40.0 = 87.82 +- 0.91

# TP/event (pt > 2.00) = 146.82
# TP/event (pt > 3.0) = 41.40
# TP/event (pt > 10.0) = 0.96
# tracks/event (no pt or eta cuts) = 199.42
# tracks/event (pt > 2.00) = 186.48
# tracks/event (pt > 3.0) = 62.07
# tracks/event (pt > 10.0) = 5.23

Percentage fake tracks (no pt or eta cuts) = 12.94% 3955428 4543579
Percentage duplicate tracks (no pt or eta cuts) = 6.97% 316535 4543579
z0 resolution = 0.10cm at |eta| = 0.05
z0 resolution = 0.40cm at |eta| = 1.95
