
Processing /afs/cern.ch/user/r/rganesan/private/CMSSW_15_1_0_pre4/src/L1Trigger/TrackFindingTracklet/plotMaker/L1TrackNtuplePlot.C("truncatedTPD_10000events_merged","/eos/user/r/rganesan/HTo2LongLivedTo4mu_MH-125_MFF-12_CTau-900mm_TuneCP5_14TeV-pythia8/modulewiseTruncation_10kevents/")...

Number of events = 10166
All performance results include cuts pt > 2.00 & |eta| < 2.50 unless 'no pt or eta cuts' stated.
Only TP with stubs in at least 4 tracker layers considered

efficiency for |eta| < 1.0 = 95.43 +- 0.12
efficiency for 1.0 < |eta| < 1.75 = 94.04 +- 0.17
efficiency for 1.75 < |eta| < 2.50 = 95.21 +- 0.17
combined efficiency for |eta| < 2.50 = 94.95 +- 0.09 = 61948.00/65241.00

efficiency for pt > 2.00 = 94.95 +- 0.09
efficiency for 2.00 < pt < 8.0 = 94.99 +- 0.09
efficiency for pt > 8.0 = 94.70 +- 0.25
efficiency for pt > 40.0 = 88.79 +- 1.33

# TP/event (pt > 2.00) = 146.51
# TP/event (pt > 3.0) = 41.45
# TP/event (pt > 10.0) = 0.99
# tracks/event (no pt or eta cuts) = 189.93
# tracks/event (pt > 2.00) = 177.29
# tracks/event (pt > 3.0) = 56.62
# tracks/event (pt > 10.0) = 3.70

Percentage fake tracks (no pt or eta cuts) = 9.11% 1755011 1930839
Percentage duplicate tracks (no pt or eta cuts) = 7.35% 141916 1930839
z0 resolution = 0.10cm at |eta| = 0.05
z0 resolution = 0.41cm at |eta| = 1.95
