
Processing /afs/cern.ch/user/r/rganesan/private/CMSSW_15_1_0_pre4/src/L1Trigger/TrackFindingTracklet/test/L1TrackNtuplePlot.C("truncatedTRE_10000events_merged","/eos/user/r/rganesan/DisplacedSUSY_stopToBottom_M-800_50mm_TuneCP5_14TeV-pythia8/modulewiseTruncation_10kevents_dispSUSY/")...

Number of events = 9000
All performance results include cuts pt > 2.00 & |eta| < 2.50 unless 'no pt or eta cuts' stated.
Only TP with stubs in at least 4 tracker layers considered

efficiency for |eta| < 1.0 = 94.82 +- 0.09
efficiency for 1.0 < |eta| < 1.75 = 94.26 +- 0.13
efficiency for 1.75 < |eta| < 2.50 = 96.05 +- 0.13
combined efficiency for |eta| < 2.50 = 94.88 +- 0.07 = 105109.00/110779.00

efficiency for pt > 2.00 = 94.88 +- 0.07
efficiency for 2.00 < pt < 8.0 = 95.39 +- 0.07
efficiency for pt > 8.0 = 93.33 +- 0.15
efficiency for pt > 40.0 = 88.03 +- 0.53

# TP/event (pt > 2.00) = 147.80
# TP/event (pt > 3.0) = 45.33
# TP/event (pt > 10.0) = 2.78
# tracks/event (no pt or eta cuts) = 325.90
# tracks/event (pt > 2.00) = 311.27
# tracks/event (pt > 3.0) = 161.69
# tracks/event (pt > 10.0) = 44.15

Percentage fake tracks (no pt or eta cuts) = 41.84% 1705879 2933133
Percentage duplicate tracks (no pt or eta cuts) = 4.47% 131228 2933133
z0 resolution = 0.10cm at |eta| = 0.05
z0 resolution = 0.39cm at |eta| = 1.95
