
Processing /afs/cern.ch/user/r/rganesan/private/CMSSW_15_1_0_pre4/src/L1Trigger/TrackFindingTracklet/plotMaker/L1TrackNtuplePlot.C("truncatedTRE_10000events_merged","/eos/user/r/rganesan/HTo2LongLivedTo4mu_MH-125_MFF-12_CTau-900mm_TuneCP5_14TeV-pythia8/modulewiseTruncation_10kevents/")...

Number of events = 10166
All performance results include cuts pt > 2.00 & |eta| < 2.50 unless 'no pt or eta cuts' stated.
Only TP with stubs in at least 4 tracker layers considered

efficiency for |eta| < 1.0 = 96.18 +- 0.11
efficiency for 1.0 < |eta| < 1.75 = 94.53 +- 0.16
efficiency for 1.75 < |eta| < 2.50 = 95.25 +- 0.17
combined efficiency for |eta| < 2.50 = 95.45 +- 0.08 = 62274.00/65241.00

efficiency for pt > 2.00 = 95.45 +- 0.08
efficiency for 2.00 < pt < 8.0 = 95.43 +- 0.09
efficiency for pt > 8.0 = 95.60 +- 0.23
efficiency for pt > 40.0 = 90.39 +- 1.24

# TP/event (pt > 2.00) = 146.51
# TP/event (pt > 3.0) = 41.45
# TP/event (pt > 10.0) = 0.99
# tracks/event (no pt or eta cuts) = 219.64
# tracks/event (pt > 2.00) = 206.05
# tracks/event (pt > 3.0) = 73.63
# tracks/event (pt > 10.0) = 8.25

Percentage fake tracks (no pt or eta cuts) = 18.59% 1817690 2232864
Percentage duplicate tracks (no pt or eta cuts) = 8.27% 184609 2232864
z0 resolution = 0.10cm at |eta| = 0.05
z0 resolution = 0.41cm at |eta| = 1.95
