
Processing /afs/cern.ch/user/r/rganesan/private/CMSSW_15_1_0_pre4/src/L1Trigger/TrackFindingTracklet/test/L1TrackNtuplePlot.C("truncatedVMR_10000events_merged","/eos/user/r/rganesan/DisplacedSUSY_stopToBottom_M-800_50mm_TuneCP5_14TeV-pythia8/modulewiseTruncation_10kevents_dispSUSY/")...

Number of events = 10000
All performance results include cuts pt > 2.00 & |eta| < 2.50 unless 'no pt or eta cuts' stated.
Only TP with stubs in at least 4 tracker layers considered

efficiency for |eta| < 1.0 = 94.80 +- 0.09
efficiency for 1.0 < |eta| < 1.75 = 94.04 +- 0.12
efficiency for 1.75 < |eta| < 2.50 = 96.10 +- 0.13
combined efficiency for |eta| < 2.50 = 94.82 +- 0.06 = 116404.00/122765.00

efficiency for pt > 2.00 = 94.82 +- 0.06
efficiency for 2.00 < pt < 8.0 = 95.31 +- 0.07
efficiency for pt > 8.0 = 93.30 +- 0.14
efficiency for pt > 40.0 = 87.87 +- 0.50

# TP/event (pt > 2.00) = 147.77
# TP/event (pt > 3.0) = 45.29
# TP/event (pt > 10.0) = 2.77
# tracks/event (no pt or eta cuts) = 324.47
# tracks/event (pt > 2.00) = 309.89
# tracks/event (pt > 3.0) = 160.62
# tracks/event (pt > 10.0) = 43.81

Percentage fake tracks (no pt or eta cuts) = 41.66% 1892825 3244707
Percentage duplicate tracks (no pt or eta cuts) = 4.48% 145292 3244707
z0 resolution = 0.10cm at |eta| = 0.05
z0 resolution = 0.39cm at |eta| = 1.95
