
Processing /afs/cern.ch/user/r/rganesan/private/CMSSW_15_1_0_pre4/src/L1Trigger/TrackFindingTracklet/test/L1TrackNtuplePlot.C("truncatedMP_5000events_merged","/eos/user/r/rganesan/DisplacedSUSY_stopToBottom_M-800_50mm_TuneCP5_14TeV-pythia8/crab_truncatedMP_dispSUSY_1510pre_5000events/")...

Number of events = 5000
All performance results include cuts pt > 2.00 & |eta| < 2.50 unless 'no pt or eta cuts' stated.
Only TP with stubs in at least 4 tracker layers considered

efficiency for |eta| < 1.0 = 88.04 +- 0.18
efficiency for 1.0 < |eta| < 1.75 = 88.58 +- 0.23
efficiency for 1.75 < |eta| < 2.50 = 93.50 +- 0.23
combined efficiency for |eta| < 2.50 = 89.25 +- 0.12 = 55367.00/62039.00

efficiency for pt > 2.00 = 89.25 +- 0.12
efficiency for 2.00 < pt < 8.0 = 91.92 +- 0.13
efficiency for pt > 8.0 = 81.04 +- 0.32
efficiency for pt > 40.0 = 74.05 +- 0.96

# TP/event (pt > 2.00) = 148.20
# TP/event (pt > 3.0) = 45.45
# TP/event (pt > 10.0) = 2.79
# tracks/event (no pt or eta cuts) = 223.60
# tracks/event (pt > 2.00) = 210.19
# tracks/event (pt > 3.0) = 79.20
# tracks/event (pt > 10.0) = 11.13

Percentage fake tracks (no pt or eta cuts) = 17.06% 927274 1118022
Percentage duplicate tracks (no pt or eta cuts) = 7.52% 84094 1118022
z0 resolution = 0.11cm at |eta| = 0.05
z0 resolution = 0.38cm at |eta| = 1.95
