
Processing /afs/cern.ch/user/r/rganesan/private/CMSSW_15_1_0_pre4/src/L1Trigger/TrackFindingTracklet/test/L1TrackNtuplePlot.C("truncatedTP_10000events_merged","/eos/user/r/rganesan/DisplacedSUSY_stopToBottom_M-800_50mm_TuneCP5_14TeV-pythia8/modulewiseTruncation_10kevents_dispSUSY/")...

Number of events = 10000
All performance results include cuts pt > 2.00 & |eta| < 2.50 unless 'no pt or eta cuts' stated.
Only TP with stubs in at least 4 tracker layers considered

efficiency for |eta| < 1.0 = 94.59 +- 0.09
efficiency for 1.0 < |eta| < 1.75 = 93.70 +- 0.13
efficiency for 1.75 < |eta| < 2.50 = 95.82 +- 0.13
combined efficiency for |eta| < 2.50 = 94.56 +- 0.06 = 116083.00/122765.00

efficiency for pt > 2.00 = 94.56 +- 0.06
efficiency for 2.00 < pt < 8.0 = 95.21 +- 0.07
efficiency for pt > 8.0 = 92.54 +- 0.15
efficiency for pt > 40.0 = 86.89 +- 0.52

# TP/event (pt > 2.00) = 147.77
# TP/event (pt > 3.0) = 45.29
# TP/event (pt > 10.0) = 2.77
# tracks/event (no pt or eta cuts) = 323.56
# tracks/event (pt > 2.00) = 308.98
# tracks/event (pt > 3.0) = 159.79
# tracks/event (pt > 10.0) = 43.33

Percentage fake tracks (no pt or eta cuts) = 41.62% 1888988 3235555
Percentage duplicate tracks (no pt or eta cuts) = 4.38% 141745 3235555
z0 resolution = 0.10cm at |eta| = 0.05
z0 resolution = 0.39cm at |eta| = 1.95
