
Processing /afs/cern.ch/user/r/rganesan/private/CMSSW_15_1_0_pre4/src/L1Trigger/TrackFindingTracklet/test/L1TrackNtuplePlot.C("truncatedTB_5000events_merged","/eos/user/r/rganesan/DisplacedSUSY_stopToBottom_M-800_50mm_TuneCP5_14TeV-pythia8/crab_truncatedTB_dispSUSY_1510pre_5000events/")...

Number of events = 5000
All performance results include cuts pt > 2.00 & |eta| < 2.50 unless 'no pt or eta cuts' stated.
Only TP with stubs in at least 4 tracker layers considered

efficiency for |eta| < 1.0 = 94.05 +- 0.13
efficiency for 1.0 < |eta| < 1.75 = 92.31 +- 0.19
efficiency for 1.75 < |eta| < 2.50 = 95.56 +- 0.19
combined efficiency for |eta| < 2.50 = 93.81 +- 0.10 = 58197.00/62039.00

efficiency for pt > 2.00 = 93.81 +- 0.10
efficiency for 2.00 < pt < 8.0 = 94.69 +- 0.10
efficiency for pt > 8.0 = 91.11 +- 0.23
efficiency for pt > 40.0 = 85.16 +- 0.78

# TP/event (pt > 2.00) = 148.20
# TP/event (pt > 3.0) = 45.45
# TP/event (pt > 10.0) = 2.79
# tracks/event (no pt or eta cuts) = 285.45
# tracks/event (pt > 2.00) = 271.18
# tracks/event (pt > 3.0) = 128.40
# tracks/event (pt > 10.0) = 30.78

Percentage fake tracks (no pt or eta cuts) = 34.10% 940606 1427231
Percentage duplicate tracks (no pt or eta cuts) = 4.90% 69922 1427231
z0 resolution = 0.10cm at |eta| = 0.05
z0 resolution = 0.37cm at |eta| = 1.95
