
Processing /afs/cern.ch/user/r/rganesan/private/CMSSW_15_1_0_pre4/src/L1Trigger/TrackFindingTracklet/test/L1TrackNtuplePlot.C("truncatedDR_10000events_merged","/eos/user/r/rganesan/HTo2LongLivedTo4mu_MH-125_MFF-25_CTau-1500mm_TuneCP5_14TeV-pythia8/modulewiseTruncation_10kevents/")...

Number of events = 9917
All performance results include cuts pt > 2.00 & |eta| < 2.50 unless 'no pt or eta cuts' stated.
Only TP with stubs in at least 4 tracker layers considered

efficiency for |eta| < 1.0 = 95.91 +- 0.12
efficiency for 1.0 < |eta| < 1.75 = 95.01 +- 0.16
efficiency for 1.75 < |eta| < 2.50 = 95.80 +- 0.17
combined efficiency for |eta| < 2.50 = 95.60 +- 0.08 = 58345.00/61029.00

efficiency for pt > 2.00 = 95.60 +- 0.08
efficiency for 2.00 < pt < 8.0 = 95.57 +- 0.09
efficiency for pt > 8.0 = 95.88 +- 0.24
efficiency for pt > 40.0 = 92.79 +- 1.42

# TP/event (pt > 2.00) = 141.79
# TP/event (pt > 3.0) = 40.40
# TP/event (pt > 10.0) = 0.88
# tracks/event (no pt or eta cuts) = 201.74
# tracks/event (pt > 2.00) = 188.78
# tracks/event (pt > 3.0) = 64.22
# tracks/event (pt > 10.0) = 5.89

Percentage fake tracks (no pt or eta cuts) = 14.32% 1714247 2000650
Percentage duplicate tracks (no pt or eta cuts) = 6.49% 129935 2000650
z0 resolution = 0.11cm at |eta| = 0.05
z0 resolution = 0.41cm at |eta| = 1.95
