
Processing /afs/cern.ch/user/r/rganesan/private/CMSSW_15_1_0_pre4/src/L1Trigger/TrackFindingTracklet/test/L1TrackNtuplePlot.C("truncatedTP_5000events_merged","/eos/user/r/rganesan/DisplacedSUSY_stopToBottom_M-800_50mm_TuneCP5_14TeV-pythia8/crab_truncatedTP_dispSUSY_1510pre_5000events/")...

Number of events = 5000
All performance results include cuts pt > 2.00 & |eta| < 2.50 unless 'no pt or eta cuts' stated.
Only TP with stubs in at least 4 tracker layers considered

efficiency for |eta| < 1.0 = 94.72 +- 0.13
efficiency for 1.0 < |eta| < 1.75 = 93.57 +- 0.18
efficiency for 1.75 < |eta| < 2.50 = 95.75 +- 0.19
combined efficiency for |eta| < 2.50 = 94.56 +- 0.09 = 58667.00/62039.00

efficiency for pt > 2.00 = 94.56 +- 0.09
efficiency for 2.00 < pt < 8.0 = 95.25 +- 0.10
efficiency for pt > 8.0 = 92.45 +- 0.21
efficiency for pt > 40.0 = 86.88 +- 0.74

# TP/event (pt > 2.00) = 148.20
# TP/event (pt > 3.0) = 45.45
# TP/event (pt > 10.0) = 2.79
# tracks/event (no pt or eta cuts) = 325.19
# tracks/event (pt > 2.00) = 310.61
# tracks/event (pt > 3.0) = 160.84
# tracks/event (pt > 10.0) = 43.42

Percentage fake tracks (no pt or eta cuts) = 41.71% 947790 1625938
Percentage duplicate tracks (no pt or eta cuts) = 4.40% 71517 1625938
z0 resolution = 0.10cm at |eta| = 0.05
z0 resolution = 0.37cm at |eta| = 1.95
